C:\Users\leand\IdeaProjects\streamdeck\src\main\java\com\example\streamdeck\ActionConfigDialog.java
C:\Users\leand\IdeaProjects\streamdeck\src\main\java\com\example\streamdeck\ActionSelectionDialog.java
C:\Users\leand\IdeaProjects\streamdeck\src\main\java\com\example\streamdeck\AppLaunchAction.java
C:\Users\leand\IdeaProjects\streamdeck\src\main\java\com\example\streamdeck\AppSelectionDialog.java
C:\Users\leand\IdeaProjects\streamdeck\src\main\java\com\example\streamdeck\AudioManager.java
C:\Users\leand\IdeaProjects\streamdeck\src\main\java\com\example\streamdeck\BackAction.java
C:\Users\leand\IdeaProjects\streamdeck\src\main\java\com\example\streamdeck\ButtonAction.java
C:\Users\leand\IdeaProjects\streamdeck\src\main\java\com\example\streamdeck\ConfigDialog.java
C:\Users\leand\IdeaProjects\streamdeck\src\main\java\com\example\streamdeck\DeckItem.java
C:\Users\leand\IdeaProjects\streamdeck\src\main\java\com\example\streamdeck\Folder.java
C:\Users\leand\IdeaProjects\streamdeck\src\main\java\com\example\streamdeck\FolderCreationDialog.java
C:\Users\leand\IdeaProjects\streamdeck\src\main\java\com\example\streamdeck\HelloApplication.java
C:\Users\leand\IdeaProjects\streamdeck\src\main\java\com\example\streamdeck\HelloController.java
C:\Users\leand\IdeaProjects\streamdeck\src\main\java\com\example\streamdeck\Launcher.java
C:\Users\leand\IdeaProjects\streamdeck\src\main\java\com\example\streamdeck\Menu.java
C:\Users\leand\IdeaProjects\streamdeck\src\main\java\com\example\streamdeck\MenuManager.java
C:\Users\leand\IdeaProjects\streamdeck\src\main\java\com\example\streamdeck\MenuPersistence.java
C:\Users\leand\IdeaProjects\streamdeck\src\main\java\com\example\streamdeck\ProcessUtils.java
C:\Users\leand\IdeaProjects\streamdeck\src\main\java\com\example\streamdeck\SelectAppVolumeAction.java
C:\Users\leand\IdeaProjects\streamdeck\src\main\java\com\example\streamdeck\SerializableItem.java
C:\Users\leand\IdeaProjects\streamdeck\src\main\java\com\example\streamdeck\SerializableMenu.java
C:\Users\leand\IdeaProjects\streamdeck\src\main\java\com\example\streamdeck\SoundAction.java
C:\Users\leand\IdeaProjects\streamdeck\src\main\java\com\example\streamdeck\SoundSelectionDialog.java
C:\Users\leand\IdeaProjects\streamdeck\src\main\java\com\example\streamdeck\StreamButton.java
C:\Users\leand\IdeaProjects\streamdeck\src\main\java\com\example\streamdeck\VolumeAction.java
C:\Users\leand\IdeaProjects\streamdeck\src\main\java\module-info.java
